
Gurobi 12.0.3 (mac64[arm]) logging started Fri Jun  5 07:34:26 2026

Set parameter LogFile to value "data/results/WATER -- 20260605_073425 -- 2be2/metadata/00_solver.log"
Gurobi Optimizer version 12.0.3 build v12.0.3rc0 (mac64[arm] - Darwin 25.1.0 25B78)

CPU model: Apple M1 Max
Thread count: 10 physical cores, 10 logical processors, using up to 10 threads

Non-default parameters:
TimeLimit  300

Optimize a model with 3718 rows, 4032 columns and 12184 nonzeros
Model fingerprint: 0xb9178e4d
Variable types: 2928 continuous, 1104 integer (1104 binary)
Coefficient statistics:
  Matrix range     [3e-03, 1e+03]
  Objective range  [1e+01, 1e+09]
  Bounds range     [1e+00, 5e+02]
  RHS range        [3e-03, 1e+03]
Presolve removed 764 rows and 677 columns
Presolve time: 0.02s
Presolved: 2954 rows, 3355 columns, 9860 nonzeros
Variable types: 2553 continuous, 802 integer (802 binary)
Found heuristic solution: objective 6.348032e+09
Found heuristic solution: objective 6.074240e+09

Root relaxation: objective 9.873190e+00, 1661 iterations, 0.03 seconds (0.03 work units)

    Nodes    |    Current Node    |     Objective Bounds      |     Work
 Expl Unexpl |  Obj  Depth IntInf | Incumbent    BestBd   Gap | It/Node Time

     0     0    9.87319    0   86 6.0742e+09    9.87319   100%     -    0s
     0     0   10.72937    0  126 6.0742e+09   10.72937   100%     -    0s
     0     0   10.72937    0  118 6.0742e+09   10.72937   100%     -    0s
H    0     0                    4.647372e+09   10.72937   100%     -    0s
H    0     0                    4.604372e+09   10.72937   100%     -    0s
H    0     0                    4.603886e+09   10.72937   100%     -    0s
     0     0   10.72937    0  137 4.6039e+09   10.72937   100%     -    0s
     0     0   10.72937    0  129 4.6039e+09   10.72937   100%     -    0s
     0     0   10.72937    0   57 4.6039e+09   10.72937   100%     -    0s
     0     0   10.72937    0   66 4.6039e+09   10.72937   100%     -    0s
H    0     0                    4.603885e+09   10.72937   100%     -    0s
H    0     0                    4.592430e+09   10.72937   100%     -    0s
H    0     0                    4.592430e+09   10.72937   100%     -    0s
     0     0   10.72937    0   55 4.5924e+09   10.72937   100%     -    0s
     0     0   10.72937    0   67 4.5924e+09   10.72937   100%     -    0s
     0     0   10.72937    0   54 4.5924e+09   10.72937   100%     -    0s
     0     0   10.72937    0   48 4.5924e+09   10.72937   100%     -    0s
     0     2   10.72937    0   45 4.5924e+09   10.72937   100%     -    0s
H   29    44                    4.592430e+09   10.72937   100%   113    0s
H   35    44                    4.592429e+09   10.72937   100%   114    0s
H   42    44                    4.563852e+09   10.72937   100%   105    0s
H  147   142                    4.563851e+09   10.72937   100%  74.8    0s
H  150   142                    4.437424e+09   10.72937   100%  73.8    0s
H  207   171                    4.375322e+09   10.72937   100%  66.2    1s
H  208   171                    4.355395e+09   10.72937   100%  67.1    1s
H  211   171                    4.336386e+09   10.72937   100%  69.6    1s
H  214   171                    4.231095e+09   10.72937   100%  69.5    1s
H  345   256                    3.908647e+09   10.72937   100%  65.7    1s
H  542   425                    3.894953e+09   10.72937   100%  61.2    1s
H  548   425                    3.890820e+09   10.72937   100%  61.4    1s
H  598   498                    3.812246e+09   10.72937   100%  59.1    1s
H  625   498                    3.653752e+09   10.72937   100%  58.1    1s
H  694   565                    3.628815e+09   10.72937   100%  56.2    1s
H  695   565                    3.472732e+09   10.72937   100%  56.2    1s
H 1718  1438                    1.822084e+09   10.72937   100%  33.4    2s
H 1718  1366                    1.821702e+09   10.72937   100%  33.4    2s
H 1718  1297                    1.821702e+09   10.72937   100%  33.4    2s
H 1719  1233                    1.383953e+09   10.72937   100%  33.4    2s
H 1723  1173                    1.348937e+09   10.73179   100%  33.3    3s
H 1725  1117                    1.305746e+09   10.73179   100%  33.3    3s
H 1725  1061                    1.303586e+09   10.73179   100%  33.3    3s
H 1725  1007                    1.288473e+09   10.73179   100%  33.3    3s
H 1726   957                    1.257585e+09   10.73179   100%  33.3    3s
H 1726   909                    9.302820e+08   10.73179   100%  33.3    3s
H 1730   866                    4.179155e+08   10.85291   100%  33.2    4s
H 1730   822                    4.022743e+08   10.85291   100%  33.2    4s
H 1730   781                    3.989886e+08   10.85291   100%  33.2    4s
H 1731   742                    3.989874e+08   10.85291   100%  33.2    4s
H 1734   707                    3.807843e+08   11.28458   100%  33.1    4s
  1737   709 1.5878e+08  100   60 3.8078e+08   11.28458   100%  33.1    5s
H 1766   712                    3.776958e+08   11.28458   100%  48.2    5s
H 1770   677                    3.745823e+08   11.28458   100%  48.1    5s
H 1783   640                    3.707897e+08   11.28458   100%  48.3    5s
H 1817   641                    3.666221e+08   11.28458   100%  48.1    5s
H 1818   612                    3.645585e+08   11.28458   100%  48.1    5s
H 1922   641                    3.571512e+08   11.28458   100%  48.1    6s
H 1925   614                    3.521748e+08   11.28458   100%  48.1    6s
H 1927   587                    2.666991e+08   11.28458   100%  48.1    6s
H 1998   606                    2.642190e+08   11.28458   100%  49.2    6s
H 2000   582                    2.577366e+08   11.28458   100%  49.2    6s
H 2075   613                    2.320676e+08   11.28458   100%  49.1    6s
H 2076   592                    2.265137e+08   11.28458   100%  49.1    6s
H 2086   569                    2.182865e+08   11.28458   100%  49.0    6s
H 2089   549                    2.125450e+08   11.28458   100%  49.0    6s
H 2099   550                    2.019980e+08   11.28458   100%  48.8    6s
H 2118   527                    1.884929e+08   11.28458   100%  48.9    6s
H 2170   549                    1.868666e+08   11.28458   100%  48.7    6s
H 2174   533                    1.768073e+08   11.28458   100%  48.6    6s
H 2237   555                    1.759745e+08   11.28458   100%  48.5    6s
H 2248   576                    1.724601e+08   11.28458   100%  48.7    6s
H 2262   559                    1.722588e+08   11.28458   100%  48.9    6s
H 2272   543                    1.697359e+08   11.28458   100%  48.7    6s
H 2306   528                    1.689425e+08   11.28458   100%  49.0    6s
H 2400   587                    1.613628e+08   11.28458   100%  48.7    6s
H 2419   630                    1.589495e+08   11.28458   100%  48.5    6s
H 2452   630                    1.562894e+08   11.28458   100%  48.1    6s
H 3194  1328                    1.562894e+08   11.28458   100%  42.8    7s
H 3195  1321                    1.498051e+08   11.28458   100%  42.8    7s
H 3196  1302                    1.209501e+08   11.28458   100%  42.8    7s
H 3436  1486                    1.206197e+08   11.28458   100%  41.5    7s
H 3921  1158                    5.472121e+07   11.28458   100%  39.5    7s
H 4682  1479                    5.192942e+07   11.28458   100%  39.9    8s
H 4686  1471                    5.097765e+07   11.28458   100%  40.0    8s
H 4690  1460                    4.993043e+07   11.28458   100%  40.2    8s
H 4692  1001                    3.232847e+07   11.28458   100%  40.2    8s
H 4699   975                    3.062790e+07   11.28458   100%  40.2    8s
H 5382   838                    1.671524e+07   11.28458   100%  42.7    9s
H 5938   978                    1.097092e+07   11.28458   100%  43.4    9s
H 6163   984                    8906766.2277   11.28458   100%  43.9   10s
H 6168   836                    6821899.1586   11.28458   100%  43.9   10s
H 6169   687                    247749.57649   11.28458   100%  43.9   10s
H 7082  1010                    241113.90060   11.28458   100%  46.5   11s
H 7287   662                      11.8794685   11.28458  5.01%  48.9   11s
* 9083   590              69      11.8240198   11.28458  4.56%  52.9   13s
* 9339   494              71      11.7468495   11.28458  3.94%  52.9   13s
*10437   194              46      11.6885194   11.56218  1.08%  53.0   13s
*10580   194              65      11.6590683   11.56218  0.83%  52.7   13s

Cutting planes:
  Learned: 1
  Gomory: 171
  Cover: 86
  Implied bound: 18
  Projected implied bound: 30
  MIR: 465
  Mixing: 16
  StrongCG: 6
  Flow cover: 1039
  GUB cover: 1
  Inf proof: 30
  RLT: 10
  Relax-and-lift: 23
  PSD: 1

Explored 10712 nodes (574302 simplex iterations) in 13.84 seconds (16.56 work units)
Thread count was 10 (of 10 available processors)

Solution count 10: 11.6591 11.6885 11.7468 ... 1.67152e+07

Optimal solution found (tolerance 1.00e-04)
Best objective 1.165906829472e+01, best bound 1.165906829472e+01, gap 0.0000%
